app/api/upload/route.ts(44,43): error TS2353: Object literal may only specify known properties, and 'expiresIn' does not exist in type '{ upsert: boolean; }'.
app/api/upload/route.ts(80,41): error TS2353: Object literal may only specify known properties, and 'expiresIn' does not exist in type '{ upsert: boolean; }'.
